Grid search: 7 flag-frac value(s) x 7 at-r value(s) = 49 runs
Results directory: grid_search_results

=== flag-frac=0.1  at-r=0.01 ===
  Precision=0.5  Recall=1.0  F1=0.6667
=== flag-frac=0.1  at-r=0.02 ===
  Precision=0.5  Recall=1.0  F1=0.6667
=== flag-frac=0.1  at-r=0.05 ===
  Precision=0.5  Recall=1.0  F1=0.6667
=== flag-frac=0.1  at-r=0.1 ===
  Precision=0.5  Recall=1.0  F1=0.6667
=== flag-frac=0.1  at-r=0.15 ===
  Precision=0.5  Recall=1.0  F1=0.6667
=== flag-frac=0.1  at-r=0.2 ===
  Precision=0.5  Recall=1.0  F1=0.6667
=== flag-frac=0.1  at-r=0.25 ===
  Precision=0.5  Recall=1.0  F1=0.6667
=== flag-frac=0.2  at-r=0.01 ===
  Precision=0.5  Recall=1.0  F1=0.6667
=== flag-frac=0.2  at-r=0.02 ===
  Precision=0.5  Recall=1.0  F1=0.6667
=== flag-frac=0.2  at-r=0.05 ===
  Precision=0.5  Recall=1.0  F1=0.6667
=== flag-frac=0.2  at-r=0.1 ===
  Precision=0.5  Recall=1.0  F1=0.6667
=== flag-frac=0.2  at-r=0.15 ===
  Precision=0.5  Recall=1.0  F1=0.6667
=== flag-frac=0.2  at-r=0.2 ===
  Precision=0.5  Recall=1.0  F1=0.6667
=== flag-frac=0.2  at-r=0.25 ===
  Precision=0.5  Recall=1.0  F1=0.6667
=== flag-frac=0.3  at-r=0.01 ===
  Precision=0.5  Recall=1.0  F1=0.6667
=== flag-frac=0.3  at-r=0.02 ===
  Precision=0.5  Recall=1.0  F1=0.6667
=== flag-frac=0.3  at-r=0.05 ===
  Precision=0.5  Recall=1.0  F1=0.6667
=== flag-frac=0.3  at-r=0.1 ===
  Precision=0.5  Recall=1.0  F1=0.6667
=== flag-frac=0.3  at-r=0.15 ===
  Precision=0.5  Recall=1.0  F1=0.6667
=== flag-frac=0.3  at-r=0.2 ===
  Precision=0.5  Recall=1.0  F1=0.6667
=== flag-frac=0.3  at-r=0.25 ===
  Precision=0.5  Recall=1.0  F1=0.6667
=== flag-frac=0.4  at-r=0.01 ===
  Precision=0.5263  Recall=1.0  F1=0.6897
=== flag-frac=0.4  at-r=0.02 ===
  Precision=0.5  Recall=1.0  F1=0.6667
=== flag-frac=0.4  at-r=0.05 ===
  Precision=0.5  Recall=1.0  F1=0.6667
=== flag-frac=0.4  at-r=0.1 ===
  Precision=0.5  Recall=1.0  F1=0.6667
=== flag-frac=0.4  at-r=0.15 ===
  Precision=0.5  Recall=1.0  F1=0.6667
=== flag-frac=0.4  at-r=0.2 ===
  Precision=0.5  Recall=1.0  F1=0.6667
=== flag-frac=0.4  at-r=0.25 ===
  Precision=0.5  Recall=1.0  F1=0.6667
=== flag-frac=0.5  at-r=0.01 ===
  Precision=0.5882  Recall=1.0  F1=0.7407
=== flag-frac=0.5  at-r=0.02 ===
  Precision=0.5882  Recall=1.0  F1=0.7407
=== flag-frac=0.5  at-r=0.05 ===
  Precision=0.5  Recall=1.0  F1=0.6667
=== flag-frac=0.5  at-r=0.1 ===
  Precision=0.5  Recall=1.0  F1=0.6667
=== flag-frac=0.5  at-r=0.15 ===
  Precision=0.5  Recall=1.0  F1=0.6667
=== flag-frac=0.5  at-r=0.2 ===
  Precision=0.5  Recall=1.0  F1=0.6667
=== flag-frac=0.5  at-r=0.25 ===
  Precision=0.5  Recall=1.0  F1=0.6667
=== flag-frac=0.6  at-r=0.01 ===
  Precision=0.5625  Recall=0.9  F1=0.6923
=== flag-frac=0.6  at-r=0.02 ===
  Precision=0.5625  Recall=0.9  F1=0.6923
=== flag-frac=0.6  at-r=0.05 ===
  Precision=0.5882  Recall=1.0  F1=0.7407
=== flag-frac=0.6  at-r=0.1 ===
  Precision=0.5263  Recall=1.0  F1=0.6897
=== flag-frac=0.6  at-r=0.15 ===
  Precision=0.5  Recall=1.0  F1=0.6667
=== flag-frac=0.6  at-r=0.2 ===
  Precision=0.5  Recall=1.0  F1=0.6667
=== flag-frac=0.6  at-r=0.25 ===
  Precision=0.5  Recall=1.0  F1=0.6667
=== flag-frac=0.7  at-r=0.01 ===
  Precision=0.6667  Recall=0.8  F1=0.7273
=== flag-frac=0.7  at-r=0.02 ===
  Precision=0.6429  Recall=0.9  F1=0.75
=== flag-frac=0.7  at-r=0.05 ===
  Precision=0.5625  Recall=0.9  F1=0.6923
=== flag-frac=0.7  at-r=0.1 ===
  Precision=0.5882  Recall=1.0  F1=0.7407
=== flag-frac=0.7  at-r=0.15 ===
  Precision=0.5556  Recall=1.0  F1=0.7143
=== flag-frac=0.7  at-r=0.2 ===
  Precision=0.5556  Recall=1.0  F1=0.7143
=== flag-frac=0.7  at-r=0.25 ===
  Precision=0.5556  Recall=1.0  F1=0.7143

===================================================================
Grid search complete. Summary: grid_search_results/grid_search_summary.csv
Best combination: flag-frac=0.7 at-r=0.02  (F1=0.75)
